13:24:06 **** Incremental Build of configuration Debug for project lpcxpresso55s69_hello_world ****
make -r -j4 all 
make[1]: Nothing to be done for 'main-build'.
Performing post-build steps
arm-none-eabi-size "lpcxpresso55s69_hello_world.axf"; # arm-none-eabi-objcopy -v -O binary "lpcxpresso55s69_hello_world.axf" "lpcxpresso55s69_hello_world.bin" ; # checksum -p LPC55S69 -d "lpcxpresso55s69_hello_world.bin";
   text	   data	    bss	    dec	    hex	filename
  20456	     12	  12512	  32980	   80d4	lpcxpresso55s69_hello_world.axf
 

13:24:06 Build Finished. 0 errors, 0 warnings. (took 270ms)

